[marinio.peerduck.com/home-scuba-diving-2/index.html]
[backblue.gif]
[fade.gif]
[index.html]
[marinio.b-cdn.net/wp-content/uploads/premium-addons-elementor/pa-frontend-48caf9158.min49b7.css]
[marinio.b-cdn.net/wp-content/plugins/woocommerce/packages/woocommerce-blocks/build/wc-blocks4031.css]
[marinio.b-cdn.net/wp-content/plugins/woocommerce/packages/woocommerce-blocks/build/active-filters4031.css]
[marinio.b-cdn.net/wp-content/plugins/woocommerce/packages/woocommerce-blocks/build/add-to-cart-form4031.css]
[marinio.b-cdn.net/wp-content/plugins/woocommerce/packages/woocommerce-blocks/build/packages-style4031.css]
[marinio.b-cdn.net/wp-content/plugins/woocommerce/packages/woocommerce-blocks/build/all-products4031.css]
[marinio.b-cdn.net/wp-content/plugins/woocommerce/packages/woocommerce-blocks/build/all-reviews4031.css]
[marinio.b-cdn.net/wp-content/plugins/woocommerce/packages/woocommerce-blocks/build/attribute-filter4031.css]
[marinio.b-cdn.net/wp-content/plugins/woocommerce/packages/woocommerce-blocks/build/breadcrumbs4031.css]
[marinio.b-cdn.net/wp-content/plugins/woocommerce/packages/woocommerce-blocks/build/catalog-sorting4031.css]
[marinio.b-cdn.net/wp-content/plugins/woocommerce/packages/woocommerce-blocks/build/customer-account4031.css]
[marinio.b-cdn.net/wp-content/plugins/woocommerce/packages/woocommerce-blocks/build/featured-category4031.css]
[marinio.b-cdn.net/wp-content/plugins/woocommerce/packages/woocommerce-blocks/build/featured-product4031.css]
[marinio.b-cdn.net/wp-content/plugins/woocommerce/packages/woocommerce-blocks/build/mini-cart4031.css]
[marinio.b-cdn.net/wp-content/plugins/woocommerce/packages/woocommerce-blocks/build/price-filter4031.css]
[marinio.b-cdn.net/wp-content/plugins/woocommerce/packages/woocommerce-blocks/build/product-add-to-cart4031.css]
[marinio.b-cdn.net/wp-content/plugins/woocommerce/packages/woocommerce-blocks/build/product-button4031.css]
[marinio.b-cdn.net/wp-content/plugins/woocommerce/packages/woocommerce-blocks/build/product-categories4031.css]
[marinio.b-cdn.net/wp-content/plugins/woocommerce/packages/woocommerce-blocks/build/product-image4031.css]
[marinio.b-cdn.net/wp-content/plugins/woocommerce/packages/woocommerce-blocks/build/product-image-gallery4031.css]
[marinio.b-cdn.net/wp-content/plugins/woocommerce/packages/woocommerce-blocks/build/product-query4031.css]
[marinio.b-cdn.net/wp-content/plugins/woocommerce/packages/woocommerce-blocks/build/product-results-count4031.css]
[marinio.b-cdn.net/wp-content/plugins/woocommerce/packages/woocommerce-blocks/build/product-reviews4031.css]
[marinio.b-cdn.net/wp-content/plugins/woocommerce/packages/woocommerce-blocks/build/product-sale-badge4031.css]
[marinio.b-cdn.net/wp-content/plugins/woocommerce/packages/woocommerce-blocks/build/product-search4031.css]
[marinio.b-cdn.net/wp-content/plugins/woocommerce/packages/woocommerce-blocks/build/product-sku4031.css]
[marinio.b-cdn.net/wp-content/plugins/woocommerce/packages/woocommerce-blocks/build/product-stock-indicator4031.css]
[marinio.b-cdn.net/wp-content/plugins/woocommerce/packages/woocommerce-blocks/build/product-summary4031.css]
[marinio.b-cdn.net/wp-content/plugins/woocommerce/packages/woocommerce-blocks/build/product-title4031.css]
[marinio.b-cdn.net/wp-content/plugins/woocommerce/packages/woocommerce-blocks/build/rating-filter4031.css]
[marinio.b-cdn.net/wp-content/plugins/woocommerce/packages/woocommerce-blocks/build/reviews-by-category4031.css]
[marinio.b-cdn.net/wp-content/plugins/woocommerce/packages/woocommerce-blocks/build/reviews-by-product4031.css]
[marinio.b-cdn.net/wp-content/plugins/woocommerce/packages/woocommerce-blocks/build/product-details4031.css]
[marinio.b-cdn.net/wp-content/plugins/woocommerce/packages/woocommerce-blocks/build/single-product4031.css]
[marinio.b-cdn.net/wp-content/plugins/woocommerce/packages/woocommerce-blocks/build/stock-filter4031.css]
[marinio.b-cdn.net/wp-content/plugins/woocommerce/packages/woocommerce-blocks/build/cart4031.css]
[marinio.b-cdn.net/wp-content/plugins/woocommerce/packages/woocommerce-blocks/build/checkout4031.css]
[marinio.b-cdn.net/wp-content/plugins/woocommerce/packages/woocommerce-blocks/build/mini-cart-contents4031.css]
[marinio.b-cdn.net/wp-content/plugins/contact-form-7/includes/css/styles41a3.css]
[marinio.b-cdn.net/wp-content/plugins/woocommerce/assets/css/woocommerce-layout76d9.css]
[marinio.b-cdn.net/wp-content/plugins/woocommerce/assets/css/woocommerce-smallscreen76d9.css]
[marinio.b-cdn.net/wp-content/plugins/woocommerce/assets/css/woocommerce76d9.css]
[marinio.b-cdn.net/wp-content/themes/marinio/assets/fonts/inter40f2.css]
[marinio.b-cdn.net/wp-content/themes/marinio/assets/css/bootstrap40f2.css]
[marinio.b-cdn.net/wp-content/themes/marinio/style40f2.css]
[marinio.b-cdn.net/wp-content/plugins/elementor/assets/lib/eicons/css/elementor-icons.mind618.css]
[marinio.b-cdn.net/wp-content/uploads/2021/12/video-bg-diver-header-1920.png]
[marinio.b-cdn.net/wp-content/plugins/elementor/assets/css/frontend-lite.min6319.css]
[marinio.b-cdn.net/wp-content/uploads/2021/10/btn-bg-323.png]
[marinio.b-cdn.net/wp-content/uploads/2021/10/bg-solid-button.png]
[marinio.b-cdn.net/wp-content/uploads/2021/10/wave-bg-isolated.png]
[marinio.b-cdn.net/wp-content/uploads/2021/10/but0bhf.png]
[marinio.b-cdn.net/wp-content/uploads/2021/10/bg-bt-h.png]
[marinio.b-cdn.net/wp-content/uploads/2021/11/enjoy-divingdmncd.png]
[marinio.b-cdn.net/wp-content/uploads/2021/10/splash.png]
[marinio.b-cdn.net/wp-content/uploads/2021/11/ksjdvkdvlg.png]
[marinio.b-cdn.net/wp-content/uploads/2021/12/video-bg-ocean-fish-diving-1920.png]
[marinio.b-cdn.net/wp-content/plugins/elementor/assets/lib/swiper/css/swiper.min48f5.css]
[marinio.b-cdn.net/wp-content/plugins/essential-addons-for-elementor-lite/assets/front-end/css/view/general.min6281.css]
[marinio.b-cdn.net/wp-content/plugins/elementor/assets/lib/font-awesome/css/fontawesome.min52d5.css]
[marinio.b-cdn.net/wp-content/plugins/elementor/assets/lib/font-awesome/css/solid.min52d5.css]
[marinio.b-cdn.net/wp-includes/js/jquery/jquery.min3088.js]
[marinio.b-cdn.net/wp-includes/js/jquery/jquery-migrate.min5589.js]
[marinio.b-cdn.net/wp-content/themes/marinio/assets/js/bootstrap.bundle.min40f2.js]
[marinio.b-cdn.net/wp-content/themes/marinio/assets/js/index40f2.js]
[marinio.b-cdn.net/wp-content/uploads/2021/11/cropped-fav-icon-marinio-wave-32x32.png]
[marinio.b-cdn.net/wp-content/uploads/2021/11/cropped-fav-icon-marinio-wave-192x192.png]
[marinio.b-cdn.net/wp-content/uploads/2021/11/cropped-fav-icon-marinio-wave-180x180.png]
[marinio.b-cdn.net/wp-content/uploads/2021/11/NEW-LOGO-TRUE-sfr3.png]
[marinio.b-cdn.net/wp-content/uploads/2021/10/wave-ic-d.png]
[marinio.b-cdn.net/wp-content/uploads/2021/10/diving-about-scuba-918x1024.png]
[marinio.b-cdn.net/wp-content/uploads/2021/11/scuba-diving-underwater-diving-scuba-set-kl-divers-scuba-diver-5b3399ee1c2579.1335177115301083981153.png]
[marinio.b-cdn.net/wp-content/uploads/2021/11/rthtrls.png]
[marinio.b-cdn.net/wp-content/uploads/2021/11/ergergkk.png]
[marinio.b-cdn.net/wp-content/uploads/2021/11/rfefrg.png]
[marinio.b-cdn.net/wp-content/uploads/2021/11/skjdvdjv.png]
[marinio.b-cdn.net/wp-content/uploads/2021/11/dfvdvdfvnhu.png]
[marinio.b-cdn.net/wp-content/uploads/2022/12/sdgbsdg.png]
[marinio.b-cdn.net/wp-content/uploads/2021/11/coral-reef-red-sea-egypt.png]
[marinio.b-cdn.net/wp-content/uploads/2021/11/dvdfn.png]
[marinio.b-cdn.net/wp-content/plugins/premium-addons-for-elementor/assets/frontend/min-css/slick.min892f.css]
[marinio.b-cdn.net/wp-content/plugins/woocommerce/assets/css/photoswipe/photoswipe.min76d9.css]
[marinio.b-cdn.net/wp-content/plugins/woocommerce/assets/css/photoswipe/default-skin/default-skin.min76d9.css]
[marinio.b-cdn.net/wp-content/uploads/premium-addons-elementor/pa-frontend-48caf9158.min49b7.js]
[marinio.b-cdn.net/wp-content/plugins/contact-form-7/includes/swv/js/index41a3.js]
[marinio.b-cdn.net/wp-content/plugins/contact-form-7/includes/js/index41a3.js]
[marinio.b-cdn.net/wp-content/plugins/woocommerce/assets/js/jquery-blockui/jquery.blockUI.min144d.js]
[marinio.b-cdn.net/wp-content/plugins/woocommerce/assets/js/frontend/add-to-cart.min76d9.js]
[marinio.b-cdn.net/wp-content/plugins/woocommerce/assets/js/js-cookie/js.cookie.min1ff0.js]
[marinio.b-cdn.net/wp-content/plugins/woocommerce/assets/js/frontend/woocommerce.min76d9.js]
[marinio.b-cdn.net/wp-content/plugins/essential-addons-for-elementor-lite/assets/front-end/js/view/general.min6281.js]
[marinio.b-cdn.net/wp-content/plugins/elementor/assets/lib/waypoints/waypoints.min05da.js]
[marinio.b-cdn.net/wp-content/plugins/premium-addons-for-elementor/assets/frontend/min-js/lottie.min892f.js]
[marinio.b-cdn.net/wp-content/plugins/elementor/assets/lib/jquery-numerator/jquery-numerator.min3958.js]
[marinio.b-cdn.net/wp-includes/js/imagesloaded.mineda1.js]
[marinio.b-cdn.net/wp-content/plugins/premium-addons-for-elementor/assets/frontend/min-js/slick.min892f.js]
[marinio.b-cdn.net/wp-content/plugins/mailchimp-for-wp/assets/js/forms1845.js]
[marinio.b-cdn.net/wp-content/plugins/elementor/assets/js/webpack.runtime.min6319.js]
[marinio.b-cdn.net/wp-content/plugins/elementor/assets/js/frontend-modules.min6319.js]
[marinio.b-cdn.net/wp-includes/js/jquery/ui/core.min3f14.js]
[marinio.b-cdn.net/wp-content/plugins/elementor/assets/js/frontend.min6319.js]
[marinio.b-cdn.net/wp-content/plugins/woocommerce/assets/js/zoom/jquery.zoom.mineac6.js]
[marinio.b-cdn.net/wp-content/plugins/woocommerce/assets/js/flexslider/jquery.flexslider.min1ad6.js]
[marinio.b-cdn.net/wp-content/plugins/woocommerce/assets/js/photoswipe/photoswipe.min64c2.js]
[marinio.b-cdn.net/wp-content/plugins/woocommerce/assets/js/photoswipe/photoswipe-ui-default.min64c2.js]
[marinio.b-cdn.net/wp-includes/js/underscore.mind584.js]
[marinio.b-cdn.net/wp-includes/js/wp-util.minf801.js]
[marinio.b-cdn.net/wp-content/plugins/woocommerce/assets/js/frontend/add-to-cart-variation.min76d9.js]
[marinio.peerduck.com/home-scuba-diving-2/index.html]
[marinio.b-cdn.net/wp-content/uploads/premium-addons-elementor/pa-frontend-48caf9158.min49b7.css]
[marinio.b-cdn.net/wp-content/plugins/woocommerce/packages/woocommerce-blocks/build/wc-blocks4031.css]
[marinio.b-cdn.net/wp-content/plugins/woocommerce/packages/woocommerce-blocks/build/active-filters4031.css]
[marinio.b-cdn.net/wp-content/plugins/woocommerce/packages/woocommerce-blocks/build/add-to-cart-form4031.css]
[marinio.b-cdn.net/wp-content/plugins/woocommerce/packages/woocommerce-blocks/build/packages-style4031.css]
[marinio.b-cdn.net/wp-content/plugins/woocommerce/packages/woocommerce-blocks/build/all-products4031.css]
[marinio.b-cdn.net/wp-content/plugins/woocommerce/packages/woocommerce-blocks/build/all-reviews4031.css]
[marinio.b-cdn.net/wp-content/plugins/woocommerce/packages/woocommerce-blocks/build/attribute-filter4031.css]
[marinio.b-cdn.net/wp-content/plugins/woocommerce/packages/woocommerce-blocks/build/breadcrumbs4031.css]
[marinio.b-cdn.net/wp-content/plugins/woocommerce/packages/woocommerce-blocks/build/catalog-sorting4031.css]
[marinio.b-cdn.net/wp-content/plugins/woocommerce/packages/woocommerce-blocks/build/customer-account4031.css]
[marinio.b-cdn.net/wp-content/plugins/woocommerce/packages/woocommerce-blocks/build/featured-category4031.css]
[marinio.b-cdn.net/wp-content/plugins/woocommerce/packages/woocommerce-blocks/build/featured-product4031.css]
[marinio.b-cdn.net/wp-content/plugins/woocommerce/packages/woocommerce-blocks/build/mini-cart4031.css]
[marinio.b-cdn.net/wp-content/plugins/woocommerce/packages/woocommerce-blocks/build/price-filter4031.css]
[marinio.b-cdn.net/wp-content/plugins/woocommerce/packages/woocommerce-blocks/build/product-add-to-cart4031.css]
[marinio.b-cdn.net/wp-content/plugins/woocommerce/packages/woocommerce-blocks/build/product-button4031.css]
[marinio.b-cdn.net/wp-content/plugins/woocommerce/packages/woocommerce-blocks/build/product-categories4031.css]
[marinio.b-cdn.net/wp-content/plugins/woocommerce/packages/woocommerce-blocks/build/product-image4031.css]
[marinio.b-cdn.net/wp-content/plugins/woocommerce/packages/woocommerce-blocks/build/product-image-gallery4031.css]
[marinio.b-cdn.net/wp-content/plugins/woocommerce/packages/woocommerce-blocks/build/product-query4031.css]
[marinio.b-cdn.net/wp-content/plugins/woocommerce/packages/woocommerce-blocks/build/product-results-count4031.css]
[marinio.b-cdn.net/wp-content/plugins/woocommerce/packages/woocommerce-blocks/build/product-reviews4031.css]
[marinio.b-cdn.net/wp-content/plugins/woocommerce/packages/woocommerce-blocks/build/product-sale-badge4031.css]
[marinio.b-cdn.net/wp-content/plugins/woocommerce/packages/woocommerce-blocks/build/product-search4031.css]
[marinio.b-cdn.net/wp-content/plugins/woocommerce/packages/woocommerce-blocks/build/product-sku4031.css]
[marinio.b-cdn.net/wp-content/plugins/woocommerce/packages/woocommerce-blocks/build/product-stock-indicator4031.css]
[marinio.b-cdn.net/wp-content/plugins/woocommerce/packages/woocommerce-blocks/build/product-summary4031.css]
[marinio.b-cdn.net/wp-content/plugins/woocommerce/packages/woocommerce-blocks/build/product-title4031.css]
[marinio.b-cdn.net/wp-content/plugins/woocommerce/packages/woocommerce-blocks/build/rating-filter4031.css]
[marinio.b-cdn.net/wp-content/plugins/woocommerce/packages/woocommerce-blocks/build/reviews-by-category4031.css]
[marinio.b-cdn.net/wp-content/plugins/woocommerce/packages/woocommerce-blocks/build/reviews-by-product4031.css]
[marinio.b-cdn.net/wp-content/plugins/woocommerce/packages/woocommerce-blocks/build/product-details4031.css]
[marinio.b-cdn.net/wp-content/plugins/woocommerce/packages/woocommerce-blocks/build/single-product4031.css]
[marinio.b-cdn.net/wp-content/plugins/woocommerce/packages/woocommerce-blocks/build/stock-filter4031.css]
[marinio.b-cdn.net/wp-content/plugins/woocommerce/packages/woocommerce-blocks/build/cart4031.css]
[marinio.b-cdn.net/wp-content/plugins/woocommerce/packages/woocommerce-blocks/build/checkout4031.css]
[marinio.b-cdn.net/wp-content/plugins/woocommerce/packages/woocommerce-blocks/build/mini-cart-contents4031.css]
[marinio.b-cdn.net/wp-content/plugins/contact-form-7/includes/css/styles41a3.css]
[marinio.b-cdn.net/wp-content/plugins/woocommerce/assets/css/woocommerce-layout76d9.css]
[marinio.b-cdn.net/wp-content/plugins/woocommerce/assets/css/woocommerce-smallscreen76d9.css]
[marinio.b-cdn.net/wp-content/plugins/woocommerce/assets/css/woocommerce76d9.css]
[rum-static.pingdom.net/pa-61af89ff405b1d00110004d8.js]
[marinio.b-cdn.net/wp-content/themes/marinio/assets/fonts/Inter-Regular32a8.woff2]
[marinio.b-cdn.net/wp-content/plugins/woocommerce/assets/js/frontend/single-product.min76d9.js]
[marinio.b-cdn.net/wp-content/themes/marinio/assets/fonts/Inter-Regular32a8.woff]
[marinio.b-cdn.net/wp-content/themes/marinio/assets/fonts/Inter-Italic32a8.woff2]
[marinio.b-cdn.net/wp-content/themes/marinio/assets/fonts/Inter-Italic32a8.woff]
[marinio.b-cdn.net/wp-content/themes/marinio/assets/fonts/Inter-Medium32a8.woff2]
[marinio.b-cdn.net/wp-content/themes/marinio/assets/fonts/Inter-Medium32a8.woff]
[marinio.b-cdn.net/wp-content/themes/marinio/assets/fonts/Inter-MediumItalic32a8.woff2]
[marinio.b-cdn.net/wp-content/themes/marinio/assets/fonts/Inter-MediumItalic32a8.woff]
[marinio.b-cdn.net/wp-content/themes/marinio/assets/fonts/Inter-SemiBold32a8.woff2]
[marinio.b-cdn.net/wp-content/themes/marinio/assets/fonts/Inter-SemiBold32a8.woff]
[marinio.b-cdn.net/wp-content/themes/marinio/assets/fonts/Inter-SemiBoldItalic32a8.woff2]
[marinio.b-cdn.net/wp-content/themes/marinio/assets/fonts/Inter-SemiBoldItalic32a8.woff]
[marinio.b-cdn.net/wp-content/themes/marinio/assets/fonts/Inter-Bold32a8.woff2]
[marinio.b-cdn.net/wp-content/themes/marinio/assets/fonts/Inter-Bold32a8.woff]
[marinio.b-cdn.net/wp-content/themes/marinio/assets/fonts/Inter-BoldItalic32a8.woff2]
[marinio.b-cdn.net/wp-content/themes/marinio/assets/fonts/Inter-BoldItalic32a8.woff]
[marinio.b-cdn.net/wp-content/themes/marinio/assets/fonts/Inter-ExtraBold32a8.woff2]
[marinio.b-cdn.net/wp-content/themes/marinio/assets/fonts/Inter-ExtraBold32a8.woff]
[marinio.b-cdn.net/wp-content/themes/marinio/assets/fonts/Inter-ExtraBoldItalic32a8.woff2]
[marinio.b-cdn.net/wp-content/themes/marinio/assets/fonts/Inter-ExtraBoldItalic32a8.woff]
[marinio.b-cdn.net/wp-content/themes/marinio/assets/fonts/Inter-Black32a8.woff2]
[marinio.b-cdn.net/wp-content/themes/marinio/assets/fonts/Inter-Black32a8.woff]
[marinio.b-cdn.net/wp-content/themes/marinio/assets/fonts/Inter-BlackItalic32a8.woff2]
[marinio.b-cdn.net/wp-content/themes/marinio/assets/fonts/Inter-BlackItalic32a8.woff]
[marinio.b-cdn.net/wp-content/themes/marinio/assets/fonts/inter40f2.css]
[marinio.b-cdn.net/wp-content/themes/marinio/assets/css/bootstrap40f2.css]
[marinio.b-cdn.net/wp-content/themes/marinio/assets/img/placeholder.png]
[marinio.b-cdn.net/wp-content/themes/marinio/style40f2.css]
[marinio.b-cdn.net/wp-content/plugins/elementor/assets/lib/eicons/css/elementor-icons.mind618.css]
[marinio.b-cdn.net/wp-content/plugins/elementor/assets/css/frontend-lite.min6319.css]
[marinio.b-cdn.net/wp-content/plugins/elementor/assets/lib/swiper/css/swiper.min48f5.css]
[marinio.b-cdn.net/wp-content/plugins/essential-addons-for-elementor-lite/assets/front-end/css/view/general.min6281.css]
[marinio.b-cdn.net/wp-content/plugins/elementor/assets/lib/font-awesome/css/fontawesome.min52d5.css]
[marinio.b-cdn.net/wp-content/plugins/elementor/assets/lib/font-awesome/css/solid.min52d5.css]
[marinio.b-cdn.net/wp-content/plugins/premium-addons-for-elementor/assets/frontend/min-css/slick.min892f.css]
[marinio.b-cdn.net/wp-content/plugins/woocommerce/assets/css/photoswipe/default-skin/default-skin.png]
[marinio.b-cdn.net/wp-content/plugins/woocommerce/assets/css/photoswipe/photoswipe.min76d9.css]
[marinio.b-cdn.net/wp-content/plugins/woocommerce/assets/css/photoswipe/default-skin/default-skin.svg]
[marinio.b-cdn.net/wp-content/plugins/woocommerce/assets/css/photoswipe/default-skin/preloader.gif]
[marinio.b-cdn.net/wp-content/plugins/woocommerce/assets/css/photoswipe/default-skin/default-skin.min76d9.css]
[marinio.b-cdn.net/wp-content/plugins/woocommerce/assets/css/photoswipe/default-skin/default-skin.svg]
